
============================================================
  测 试 报 告 汇 总
============================================================

============================================================
  【模块1】用户模块 — 白盒单元测试
============================================================
  [PASS] GET /login/ 返回200
  [PASS] 登录页含csrf_token
  [PASS] 空表单登录 返回200
  [PASS] 错误用户名登录 返回200
  [PASS] 正确登录 302重定向
  [PASS] 已登录访问登录页 302重定向
  [PASS] GET /register/ 返回200
  [PASS] GET /forgot-password/ 返回200
  [PASS] 未登录访问/profile/ 302重定向
  [PASS] 未登录访问/my-borrows/ 302重定向
  [PASS] 已登录访问/profile/ 返回200
  [PASS] 已登录访问/my-borrows/ 返回200
  [PASS] 已登录访问/my-fines/ 返回200
  [PASS] reader访问用户管理 被拦截302
  [PASS] admin访问用户管理 返回200
  [PASS] 冻结用户登录 被拒绝
  [PASS] 已登录注销 302重定向
  [PASS] GET / 首页 返回200

用户模块: 通过 18/18, 失败 0/18

============================================================
  【模块2】图书模块 — 白盒单元测试
============================================================
  [PASS] GET /books/ 返回200
  [PASS] GET /books/detail/{id}/ 返回200
  [PASS] 详情页含书名
  [PASS] GET /books/list/?q= 返回200
  [PASS] GET /books/reading-room/ 返回200
  [PASS] GET /books/read/{id}/ 返回200
  [PASS] 阅读器含章节列表
  [PASS] GET /books/chapter/{book_id}/{idx}/ 返回200
  [PASS] reader访问图书管理 被拦截
  [PASS] admin访问图书管理 返回200
  [PASS] GET /books/add/ 返回200
  [PASS] GET /books/edit/{id}/ 返回200
  [PASS] GET /books/category/ 返回200
  [PASS] GET /books/chapters/{book_id}/ 返回200

图书模块: 通过 32/32, 失败 0/32

============================================================
  【模块3】借阅模块 — 白盒单元测试
============================================================
  [PASS] 未登录访问借阅管理 302重定向
  [PASS] reader访问借阅管理 被拦截
  [PASS] admin访问借阅管理 返回200
  [PASS] admin访问罚款管理 返回200
  [PASS] 借阅成功 返回200 JSON
  [PASS] 借阅返回包含record_id
  [PASS] 借阅返回包含due_date
  [PASS] 库存减少 current_stock 8→7
  [PASS] 借阅次数增加 borrow_count 5→6
  [PASS] 重复借阅同一本书能借到第二本
  [PASS] 续借请求 返回200
  [PASS] 续借次数增加 0→1
  [PASS] 归还图书 返回200
  [PASS] 归还后状态变为returned
  [PASS] 逾期检查 返回200

借阅模块: 通过 47/47, 失败 0/47

============================================================
  【模块4】统计模块 — 白盒单元测试
============================================================
  [PASS] GET /stats/ 返回200
  [PASS] GET /stats/dashboard/ 返回200
  [PASS] GET /stats/hot-books/ 返回200
  [PASS] GET /stats/inventory/ 返回200
  [PASS] GET /stats/export/borrows/ 返回200
  [PASS] GET /stats/export/books/ 返回200
  [PASS] GET /stats/export/users/ 返回200
  [PASS] reader访问统计 被拦截

统计模块: 通过 55/55, 失败 0/55

============================================================
  【模块5】系统管理模块 — 白盒单元测试
============================================================
  [PASS] GET /system/ 返回200
  [PASS] GET /system/config/ 返回200
  [PASS] GET /system/logs/ 返回200
  [PASS] GET /system/backup/ 返回200
  [PASS] reader访问系统管理 被拦截

系统模块: 通过 60/60, 失败 0/60

============================================================
  【模块6】章节管理模块 — 白盒单元测试
============================================================
  [PASS] 添加章节 返回200
  [PASS] 章节已创建
  [PASS] 编辑章节 返回200
  [PASS] 章节标题已更新
  [PASS] 批量导入章节 返回200
  [PASS] 删除章节 返回200

章节管理模块: 通过 66/66, 失败 0/66

============================================================
  【模块7】系统集成测试 — 端到端流程
============================================================
  [PASS] 注册新用户 返回200 JSON
  [PASS] 注册成功 code=200
  [PASS] 新用户登录 302重定向
  [PASS] 新用户借阅图书 返回200
  [PASS] 新用户归还图书 返回200

集成测试: 通过 71/71, 失败 0/71

============================================================
  【模块8】页面渲染测试 — UI/UX
============================================================
  [PASS] 首页 / 200
  [PASS] 首页 完整体验(含</html>)
  [PASS] 首页 含Bootstrap引用
  [PASS] 首页 无脚本错误标记
  [PASS] 登录页 /login/ 200
  [PASS] 登录页 完整体验(含</html>)
  [PASS] 登录页 含Bootstrap引用
  [PASS] 登录页 无脚本错误标记
  [PASS] 注册页 /register/ 200
  [PASS] 注册页 完整体验(含</html>)
  [PASS] 注册页 含Bootstrap引用
  [PASS] 注册页 无脚本错误标记
  [PASS] 忘记密码页 /forgot-password/ 200
  [PASS] 忘记密码页 完整体验(含</html>)
  [PASS] 忘记密码页 含Bootstrap引用
  [PASS] 忘记密码页 无脚本错误标记
  [PASS] 图书列表 /books/ 200
  [PASS] 图书列表 完整体验(含</html>)
  [PASS] 图书列表 含Bootstrap引用
  [PASS] 图书列表 无脚本错误标记
  [PASS] 读者-个人信息 /profile/ 200
  [PASS] 读者-个人信息 完整体验
  [PASS] 读者-我的借阅 /my-borrows/ 200
  [PASS] 读者-我的借阅 完整体验
  [PASS] 读者-我的罚款 /my-fines/ 200
  [PASS] 读者-我的罚款 完整体验
  [PASS] 管理员-图书管理 /books/manage/ 200
  [PASS] 管理员-添加图书 /books/add/ 200
  [PASS] 管理员-分类管理 /books/category/ 200
  [PASS] 管理员-借阅管理 /borrow/manage/ 200
  [PASS] 管理员-罚款管理 /borrow/fines/ 200
  [PASS] 管理员-统计仪表盘 /stats/ 200
  [PASS] 管理员-热门图书 /stats/hot-books/ 200
  [PASS] 管理员-库存统计 /stats/inventory/ 200
  [PASS] 管理员-系统设置 /system/ 200
  [PASS] 管理员-操作日志 /system/logs/ 200
  [PASS] 管理员-数据备份 /system/backup/ 200
  [PASS] 管理员-用户管理 /users/manage/ 200

页面渲染测试: 通过 109/109, 失败 0/109

============================================================
  【模块9】安全性测试
============================================================
  [PASS] 无CSRF Token POST登录 返回200(非403)
  [PASS] XSS搜索词 返回200(不崩溃)
  [PASS] SQL注入尝试 返回200(不崩溃)
  [PASS] 读者越权删除图书 被拦截
  [PASS] 未登录借阅 302重定向
  [FAIL] GET调用借阅API 返回405(仅POST) — status=200
  [PASS] 未登录访问系统管理 302
  [PASS] 不存在页面 返回404
  [PASS] 不存在图书ID 返回404

安全性测试: 通过 117/118, 失败 1/118

============================================================
  【模块10】边界条件测试
============================================================
  [PASS] 空分类名添加 返回400错误
  [PASS] 重复分类名 返回400错误
  [PASS] 超大页码 返回200(空列表)
  [PASS] 空搜索词 返回200
  [PASS] 编辑不存在图书 404

边界条件测试: 通过 122/123, 失败 1/123

============================================================
  总计: 通过 122/123, 失败 1/123
  结果: 1 项失败 ⚠️
============================================================
